Mono path[0] = 'E:/Steam/steamapps/common/Unturned/Unturned_Data/Managed'
Mono config path = 'E:/Steam/steamapps/common/Unturned/MonoBleedingEdge/etc'
Fallback handler could not load library E:/Steam/steamapps/common/Unturned/Unturned_Data/MonoBleedingEdge/data-00000186A0A3B0A0.dll
Fallback handler could not load library E:/Steam/steamapps/common/Unturned/Unturned_Data/MonoBleedingEdge/data-00000186A6057040.dll
Input System module state changed to: Initialized.
[PhysX] Initialized MultithreadedTaskDispatcher with 16 workers.
Initialize engine version: 2022.3.62f3 (96770f904ca7)
[Subsystems] Discovering subsystems at path E:/Steam/steamapps/common/Unturned/Unturned_Data/UnitySubsystems
GfxDevice: creating device client; threaded=1; jobified=1
Direct3D:
    Version:  Direct3D 11.0 [level 11.1]
    Renderer: AMD Radeon RX 6850M XT (ID=0x73df)
    Vendor:   ATI
    VRAM:     12272 MB
    Driver:   32767.65535.65535.65535
Begin MonoManager ReloadAssembly
- Loaded All Assemblies, in  0.368 seconds
- Finished resetting the current domain, in  0.001 seconds
<RI> Initializing input.
<RI> Input initialized.
<RI> Initialized touch support.
[Message:   BepInEx] BepInEx 5.4.22.0 - Unturned (2026/7/8 15:02:40)
[Info   :   BepInEx] Running under Unity v2022.3.62.9860879
[Info   :   BepInEx] CLR runtime version: 4.0.30319.42000
[Info   :   BepInEx] Supports SRE: True
[Info   :   BepInEx] System platform: Bits64, Windows
[Message:   BepInEx] Preloader started
[Info   :   BepInEx] Loaded 1 patcher method from [BepInEx.Preloader 5.4.22.0]
[Info   :   BepInEx] 1 patcher plugin loaded
[Info   :   BepInEx] Patching [UnityEngine.CoreModule] with [BepInEx.Chainloader]
[Message:   BepInEx] Preloader finished
[Message:   BepInEx] Chainloader ready
[Message:   BepInEx] Chainloader started
[Info   :   BepInEx] 2 plugins to load
[Info   :   BepInEx] Loading [LaunchMultiplayerNet 3.2.0.0]
[Info   :LaunchMultiplayerNet] [NetReflection] initialized (clientTransport=ok, steamPlayerTransport=public-property-direct-access)
[Info   :LaunchMultiplayerNet] [ModTransport] v3.2 initialized (ITransportConnection + MOD magic, isServer=False)
[Info   :LaunchMultiplayerNet] [Patch-RecvClient] patched NetMessages.ReceiveMessageFromClient
[Info   :LaunchMultiplayerNet] [Patch-RecvServer] patched NetMessages.ReceiveMessageFromServer
[Info   :LaunchMultiplayerNet] [LaunchMultiplayerNet] v3.2.0.0 loaded (ITransportConnection + MOD magic, Harmony patches applied)
[Info   :   BepInEx] Loading [LaunchInventoryTidy [v1.4.1 v3.2 网络层适配 + MaxRects + 被动整理已禁用] 1.4.1]
[Info   :LaunchMultiplayerNet] [ModTransport] server handler registered: channel=100, total=1
[Info   :LaunchInventoryTidy [v1.4.1 v3.2 网络层适配 + MaxRects + 被动整理已禁用]] [TidyNet] 已注册 channel=100 服务器端处理器
[Info   :LaunchInventoryTidy [v1.4.1 v3.2 网络层适配 + MaxRects + 被动整理已禁用]] ===============================================
[Info   :LaunchInventoryTidy [v1.4.1 v3.2 网络层适配 + MaxRects + 被动整理已禁用]]  LaunchInventoryTidy v1.4.1 已加载（v3.2 网络层适配 + MaxRects + 被动整理已禁用）
[Info   :LaunchInventoryTidy [v1.4.1 v3.2 网络层适配 + MaxRects + 被动整理已禁用]]  注意：被动整理 Patch 已禁用，请用 [整理] 按钮或 Plugin 0 按键手动整理
[Info   :LaunchInventoryTidy [v1.4.1 v3.2 网络层适配 + MaxRects + 被动整理已禁用]] ===============================================
[Message:   BepInEx] Chainloader startup complete
[PhysX] Initialized MultithreadedTaskDispatcher with 16 workers.
UnloadTime: 1.630200 ms
Unloading 5 Unused Serialized files (Serialized files now loaded: 0)
Unloading 5 unused Assets to reduce memory usage. Loaded Objects now: 2640.
Total: 9.817700 ms (FindLiveObjects: 0.119000 ms CreateObjectMapping: 0.087900 ms MarkObjects: 9.581800 ms  DeleteObjects: 0.028400 ms)

Unloading 3 Unused Serialized files (Serialized files now loaded: 1)
Unloading 3203 unused Assets to reduce memory usage. Loaded Objects now: 65403.
Total: 56.958200 ms (FindLiveObjects: 3.617300 ms CreateObjectMapping: 4.625900 ms MarkObjects: 45.572900 ms  DeleteObjects: 3.141500 ms)

Unloading 5 Unused Serialized files (Serialized files now loaded: 1)
UnloadTime: 0.396900 ms
Unloading 13 unused Assets to reduce memory usage. Loaded Objects now: 65695.
Total: 56.449900 ms (FindLiveObjects: 2.979800 ms CreateObjectMapping: 4.852400 ms MarkObjects: 48.493200 ms  DeleteObjects: 0.123300 ms)

Unloading 5 Unused Serialized files (Serialized files now loaded: 1)
Unloading 2 unused Assets to reduce memory usage. Loaded Objects now: 67718.
Total: 56.225300 ms (FindLiveObjects: 3.093300 ms CreateObjectMapping: 4.196400 ms MarkObjects: 48.818600 ms  DeleteObjects: 0.116200 ms)

Unloading 0 Unused Serialized files (Serialized files now loaded: 1)
Unloading 0 unused Assets to reduce memory usage. Loaded Objects now: 67718.
Total: 66.033300 ms (FindLiveObjects: 3.667400 ms CreateObjectMapping: 4.974600 ms MarkObjects: 57.284100 ms  DeleteObjects: 0.106700 ms)

Unloading 0 Unused Serialized files (Serialized files now loaded: 1)
Unloading 0 unused Assets to reduce memory usage. Loaded Objects now: 67718.
Total: 57.463700 ms (FindLiveObjects: 3.225300 ms CreateObjectMapping: 4.464500 ms MarkObjects: 49.654000 ms  DeleteObjects: 0.119400 ms)

Curl error 28: Operation timed out after 15000 milliseconds with 114072 out of 896504 bytes received
Curl error 28: Operation timed out after 15001 milliseconds with 116481 out of 138769 bytes received
Unloading 4 Unused Serialized files (Serialized files now loaded: 1)
UnloadTime: 39.405600 ms
Unloading 345 unused Assets to reduce memory usage. Loaded Objects now: 87672.
Total: 58.900100 ms (FindLiveObjects: 5.839600 ms CreateObjectMapping: 4.909600 ms MarkObjects: 42.161200 ms  DeleteObjects: 5.989200 ms)

Unloading 1 Unused Serialized files (Serialized files now loaded: 1)
Unloading 0 unused Assets to reduce memory usage. Loaded Objects now: 87672.
Total: 51.246900 ms (FindLiveObjects: 5.976700 ms CreateObjectMapping: 4.954800 ms MarkObjects: 40.196000 ms  DeleteObjects: 0.119000 ms)

Unloading 4 Unused Serialized files (Serialized files now loaded: 1)
Unloading 72 unused Assets to reduce memory usage. Loaded Objects now: 272710.
Total: 126.780300 ms (FindLiveObjects: 40.145200 ms CreateObjectMapping: 12.804700 ms MarkObjects: 73.305500 ms  DeleteObjects: 0.524300 ms)

[TidyUI] headers 字段 OK
[TidyUI] Glazier 类型 OK
[TidyUI] ISleekElement 类型 OK
[TidyUI] ISleekButton 类型 OK
[TidyUI] Glazier.Get / AddChild OK (CreateButton 推迟)
[TidyUI] ISleekElement 布局属性 OK
[TidyUI] ISleekButton Text / TooltipText OK
[TidyUI] OnClicked 事件 OK
[TidyUI] 全部 Reflection 缓存预热成功
[TidyUI] headers 数组 OK (Length=10)
[TidyUI] Glazier.Get() 单例 OK
[TidyUI] Glazier 实例运行时类型: SDG.Unturned.Glazier_uGUI
[TidyUI] CreateButton OK (来自 Glazier_uGUI)
[TidyUI] headers[0] -> page 2 三按钮注入 OK
[TidyUI] headers[1] -> page 3 三按钮注入 OK
[TidyUI] headers[2] -> page 4 三按钮注入 OK
[TidyUI] headers[3] -> page 5 三按钮注入 OK
[TidyUI] headers[4] -> page 6 三按钮注入 OK
[TidyUI] headers[5] -> page 7 三按钮注入 OK
[TidyUI] ==== 注入完成：共 6/6 组三按钮 ====
[TidyUI] 点击 -> 整理 page 2 (方向=True, 模式=MaxRects) [网络请求]
[Info   :LaunchInventoryTidy [v1.4.1 v3.2 网络层适配 + MaxRects + 被动整理已禁用]] [TidyNet] 服务器诊断: sender=76561199030780228 page=2 items=Items width=5 height=3 count=0
[Info   :LaunchInventoryTidy [v1.4.1 v3.2 网络层适配 + MaxRects + 被动整理已禁用]] [Tidy] page 2: 容器为空（width=5x height=3），无物品可整理
[Info   :LaunchInventoryTidy [v1.4.1 v3.2 网络层适配 + MaxRects + 被动整理已禁用]] [TidyNet] 服务器: 已为 sender=76561199030780228 整理 page=2 (desc=True, mode=MaxRects)
[Info   :LaunchInventoryTidy [v1.4.1 v3.2 网络层适配 + MaxRects + 被动整理已禁用]] [TidyNet] -> 服务器: RequestTidyPage(page=2, desc=True, mode=MaxRects)
[TidyUI] 点击 -> 整理 page 2 (方向=True, 模式=MaxRects) [网络请求]
[Info   :LaunchInventoryTidy [v1.4.1 v3.2 网络层适配 + MaxRects + 被动整理已禁用]] [TidyNet] 服务器诊断: sender=76561199030780228 page=2 items=Items width=5 height=3 count=0
[Info   :LaunchInventoryTidy [v1.4.1 v3.2 网络层适配 + MaxRects + 被动整理已禁用]] [Tidy] page 2: 容器为空（width=5x height=3），无物品可整理
[Info   :LaunchInventoryTidy [v1.4.1 v3.2 网络层适配 + MaxRects + 被动整理已禁用]] [TidyNet] 服务器: 已为 sender=76561199030780228 整理 page=2 (desc=True, mode=MaxRects)
[Info   :LaunchInventoryTidy [v1.4.1 v3.2 网络层适配 + MaxRects + 被动整理已禁用]] [TidyNet] -> 服务器: RequestTidyPage(page=2, desc=True, mode=MaxRects)
[TidyUI] 点击 -> 整理 page 2 (方向=True, 模式=MaxRects) [网络请求]
[Info   :LaunchInventoryTidy [v1.4.1 v3.2 网络层适配 + MaxRects + 被动整理已禁用]] [TidyNet] 服务器诊断: sender=76561199030780228 page=2 items=Items width=5 height=3 count=0
[Info   :LaunchInventoryTidy [v1.4.1 v3.2 网络层适配 + MaxRects + 被动整理已禁用]] [Tidy] page 2: 容器为空（width=5x height=3），无物品可整理
[Info   :LaunchInventoryTidy [v1.4.1 v3.2 网络层适配 + MaxRects + 被动整理已禁用]] [TidyNet] 服务器: 已为 sender=76561199030780228 整理 page=2 (desc=True, mode=MaxRects)
[Info   :LaunchInventoryTidy [v1.4.1 v3.2 网络层适配 + MaxRects + 被动整理已禁用]] [TidyNet] -> 服务器: RequestTidyPage(page=2, desc=True, mode=MaxRects)
[TidyUI] 点击 -> 整理 page 2 (方向=True, 模式=MaxRects) [网络请求]
[Info   :LaunchInventoryTidy [v1.4.1 v3.2 网络层适配 + MaxRects + 被动整理已禁用]] [TidyNet] 服务器诊断: sender=76561199030780228 page=2 items=Items width=5 height=3 count=1
[Info   :LaunchInventoryTidy [v1.4.1 v3.2 网络层适配 + MaxRects + 被动整理已禁用]] [Tidy] page 2: total=1, placed=1, restored=0, lost=0 (desc=True, mode=MaxRects)
[Info   :LaunchInventoryTidy [v1.4.1 v3.2 网络层适配 + MaxRects + 被动整理已禁用]] [TidyNet] 服务器: 已为 sender=76561199030780228 整理 page=2 (desc=True, mode=MaxRects)
[Info   :LaunchInventoryTidy [v1.4.1 v3.2 网络层适配 + MaxRects + 被动整理已禁用]] [TidyNet] -> 服务器: RequestTidyPage(page=2, desc=True, mode=MaxRects)
[TidyUI] 点击 -> 整理 page 2 (方向=True, 模式=MaxRects) [网络请求]
[Info   :LaunchInventoryTidy [v1.4.1 v3.2 网络层适配 + MaxRects + 被动整理已禁用]] [TidyNet] 服务器诊断: sender=76561199030780228 page=2 items=Items width=5 height=3 count=15
[Info   :LaunchInventoryTidy [v1.4.1 v3.2 网络层适配 + MaxRects + 被动整理已禁用]] [Tidy] page 2: total=15, placed=15, restored=0, lost=0 (desc=True, mode=MaxRects)
[Info   :LaunchInventoryTidy [v1.4.1 v3.2 网络层适配 + MaxRects + 被动整理已禁用]] [TidyNet] 服务器: 已为 sender=76561199030780228 整理 page=2 (desc=True, mode=MaxRects)
[Info   :LaunchInventoryTidy [v1.4.1 v3.2 网络层适配 + MaxRects + 被动整理已禁用]] [TidyNet] -> 服务器: RequestTidyPage(page=2, desc=True, mode=MaxRects)
[TidyUI] 点击 -> 整理 page 2 (方向=True, 模式=MaxRects) [网络请求]
[Info   :LaunchInventoryTidy [v1.4.1 v3.2 网络层适配 + MaxRects + 被动整理已禁用]] [TidyNet] 服务器诊断: sender=76561199030780228 page=2 items=Items width=5 height=3 count=5
[Info   :LaunchInventoryTidy [v1.4.1 v3.2 网络层适配 + MaxRects + 被动整理已禁用]] [Tidy] page 2: total=5, placed=5, restored=0, lost=0 (desc=True, mode=MaxRects)
[Info   :LaunchInventoryTidy [v1.4.1 v3.2 网络层适配 + MaxRects + 被动整理已禁用]] [TidyNet] 服务器: 已为 sender=76561199030780228 整理 page=2 (desc=True, mode=MaxRects)
[Info   :LaunchInventoryTidy [v1.4.1 v3.2 网络层适配 + MaxRects + 被动整理已禁用]] [TidyNet] -> 服务器: RequestTidyPage(page=2, desc=True, mode=MaxRects)
[TidyUI] Ctrl+点击 -> 一键整理全身 (方向=True, 模式=MaxRects) [网络请求]
[Info   :LaunchInventoryTidy [v1.4.1 v3.2 网络层适配 + MaxRects + 被动整理已禁用]] [Tidy] page 2: total=5, placed=5, restored=0, lost=0 (desc=True, mode=MaxRects)
[Warning:LaunchInventoryTidy [v1.4.1 v3.2 网络层适配 + MaxRects + 被动整理已禁用]] [Tidy] page 3: items.width=0 height=0，跳过（page=7 STORAGE 时表示玩家未在服务器端打开任何容器，工坊虚拟容器可能不走标准 openStorage 路径）
[Warning:LaunchInventoryTidy [v1.4.1 v3.2 网络层适配 + MaxRects + 被动整理已禁用]] [Tidy] page 4: items.width=0 height=0，跳过（page=7 STORAGE 时表示玩家未在服务器端打开任何容器，工坊虚拟容器可能不走标准 openStorage 路径）
[Warning:LaunchInventoryTidy [v1.4.1 v3.2 网络层适配 + MaxRects + 被动整理已禁用]] [Tidy] page 5: items.width=0 height=0，跳过（page=7 STORAGE 时表示玩家未在服务器端打开任何容器，工坊虚拟容器可能不走标准 openStorage 路径）
[Warning:LaunchInventoryTidy [v1.4.1 v3.2 网络层适配 + MaxRects + 被动整理已禁用]] [Tidy] page 6: items.width=0 height=0，跳过（page=7 STORAGE 时表示玩家未在服务器端打开任何容器，工坊虚拟容器可能不走标准 openStorage 路径）
[Info   :LaunchInventoryTidy [v1.4.1 v3.2 网络层适配 + MaxRects + 被动整理已禁用]] [TidyNet] 服务器: 已为 sender=76561199030780228 整理全部页 (desc=True, mode=MaxRects)
[Info   :LaunchInventoryTidy [v1.4.1 v3.2 网络层适配 + MaxRects + 被动整理已禁用]] [TidyNet] -> 服务器: RequestTidyPage(ALL, desc=True, mode=MaxRects)
[TidyUI] page 2 排序方向切换为 升序（小件优先）
[TidyUI] 点击 -> 整理 page 2 (方向=False, 模式=MaxRects) [网络请求]
[Info   :LaunchInventoryTidy [v1.4.1 v3.2 网络层适配 + MaxRects + 被动整理已禁用]] [TidyNet] 服务器诊断: sender=76561199030780228 page=2 items=Items width=5 height=3 count=5
[Info   :LaunchInventoryTidy [v1.4.1 v3.2 网络层适配 + MaxRects + 被动整理已禁用]] [Tidy] page 2: total=5, placed=5, restored=0, lost=0 (desc=False, mode=MaxRects)
[Info   :LaunchInventoryTidy [v1.4.1 v3.2 网络层适配 + MaxRects + 被动整理已禁用]] [TidyNet] 服务器: 已为 sender=76561199030780228 整理 page=2 (desc=False, mode=MaxRects)
[Info   :LaunchInventoryTidy [v1.4.1 v3.2 网络层适配 + MaxRects + 被动整理已禁用]] [TidyNet] -> 服务器: RequestTidyPage(page=2, desc=False, mode=MaxRects)
[TidyUI] page 2 整理模式切换为 D
[TidyUI] 点击 -> 整理 page 2 (方向=False, 模式=FFD) [网络请求]
[Info   :LaunchInventoryTidy [v1.4.1 v3.2 网络层适配 + MaxRects + 被动整理已禁用]] [TidyNet] 服务器诊断: sender=76561199030780228 page=2 items=Items width=5 height=3 count=5
[Info   :LaunchInventoryTidy [v1.4.1 v3.2 网络层适配 + MaxRects + 被动整理已禁用]] [Tidy] page 2: total=5, placed=5, restored=0, lost=0 (desc=False, mode=FFD)
[Info   :LaunchInventoryTidy [v1.4.1 v3.2 网络层适配 + MaxRects + 被动整理已禁用]] [TidyNet] 服务器: 已为 sender=76561199030780228 整理 page=2 (desc=False, mode=FFD)
[Info   :LaunchInventoryTidy [v1.4.1 v3.2 网络层适配 + MaxRects + 被动整理已禁用]] [TidyNet] -> 服务器: RequestTidyPage(page=2, desc=False, mode=FFD)
[TidyUI] 点击 -> 整理 page 2 (方向=False, 模式=FFD) [网络请求]
[Info   :LaunchInventoryTidy [v1.4.1 v3.2 网络层适配 + MaxRects + 被动整理已禁用]] [TidyNet] 服务器诊断: sender=76561199030780228 page=2 items=Items width=5 height=3 count=5
[Info   :LaunchInventoryTidy [v1.4.1 v3.2 网络层适配 + MaxRects + 被动整理已禁用]] [Tidy] page 2: total=5, placed=5, restored=0, lost=0 (desc=False, mode=FFD)
[Info   :LaunchInventoryTidy [v1.4.1 v3.2 网络层适配 + MaxRects + 被动整理已禁用]] [TidyNet] 服务器: 已为 sender=76561199030780228 整理 page=2 (desc=False, mode=FFD)
[Info   :LaunchInventoryTidy [v1.4.1 v3.2 网络层适配 + MaxRects + 被动整理已禁用]] [TidyNet] -> 服务器: RequestTidyPage(page=2, desc=False, mode=FFD)
[TidyUI] page 2 整理模式切换为 C
[TidyUI] page 2 整理模式切换为 D
[TidyUI] page 2 整理模式切换为 C
[TidyUI] 点击 -> 整理 page 2 (方向=False, 模式=MaxRects) [网络请求]
[Info   :LaunchInventoryTidy [v1.4.1 v3.2 网络层适配 + MaxRects + 被动整理已禁用]] [TidyNet] 服务器诊断: sender=76561199030780228 page=2 items=Items width=5 height=3 count=5
[Info   :LaunchInventoryTidy [v1.4.1 v3.2 网络层适配 + MaxRects + 被动整理已禁用]] [Tidy] page 2: total=5, placed=5, restored=0, lost=0 (desc=False, mode=MaxRects)
[Info   :LaunchInventoryTidy [v1.4.1 v3.2 网络层适配 + MaxRects + 被动整理已禁用]] [TidyNet] 服务器: 已为 sender=76561199030780228 整理 page=2 (desc=False, mode=MaxRects)
[Info   :LaunchInventoryTidy [v1.4.1 v3.2 网络层适配 + MaxRects + 被动整理已禁用]] [TidyNet] -> 服务器: RequestTidyPage(page=2, desc=False, mode=MaxRects)
[TidyUI] page 2 整理模式切换为 D
[TidyUI] page 2 排序方向切换为 降序（大件优先）
[TidyUI] 点击 -> 整理 page 2 (方向=True, 模式=FFD) [网络请求]
[Info   :LaunchInventoryTidy [v1.4.1 v3.2 网络层适配 + MaxRects + 被动整理已禁用]] [TidyNet] 服务器诊断: sender=76561199030780228 page=2 items=Items width=5 height=3 count=5
[Info   :LaunchInventoryTidy [v1.4.1 v3.2 网络层适配 + MaxRects + 被动整理已禁用]] [Tidy] page 2: total=5, placed=5, restored=0, lost=0 (desc=True, mode=FFD)
[Info   :LaunchInventoryTidy [v1.4.1 v3.2 网络层适配 + MaxRects + 被动整理已禁用]] [TidyNet] 服务器: 已为 sender=76561199030780228 整理 page=2 (desc=True, mode=FFD)
[Info   :LaunchInventoryTidy [v1.4.1 v3.2 网络层适配 + MaxRects + 被动整理已禁用]] [TidyNet] -> 服务器: RequestTidyPage(page=2, desc=True, mode=FFD)
[TidyUI] 点击 -> 整理 page 2 (方向=True, 模式=FFD) [网络请求]
[Info   :LaunchInventoryTidy [v1.4.1 v3.2 网络层适配 + MaxRects + 被动整理已禁用]] [TidyNet] 服务器诊断: sender=76561199030780228 page=2 items=Items width=5 height=3 count=5
[Info   :LaunchInventoryTidy [v1.4.1 v3.2 网络层适配 + MaxRects + 被动整理已禁用]] [Tidy] page 2: total=5, placed=5, restored=0, lost=0 (desc=True, mode=FFD)
[Info   :LaunchInventoryTidy [v1.4.1 v3.2 网络层适配 + MaxRects + 被动整理已禁用]] [TidyNet] 服务器: 已为 sender=76561199030780228 整理 page=2 (desc=True, mode=FFD)
[Info   :LaunchInventoryTidy [v1.4.1 v3.2 网络层适配 + MaxRects + 被动整理已禁用]] [TidyNet] -> 服务器: RequestTidyPage(page=2, desc=True, mode=FFD)
[TidyUI] 点击 -> 整理 page 2 (方向=True, 模式=FFD) [网络请求]
[Info   :LaunchInventoryTidy [v1.4.1 v3.2 网络层适配 + MaxRects + 被动整理已禁用]] [TidyNet] 服务器诊断: sender=76561199030780228 page=2 items=Items width=5 height=3 count=5
[Info   :LaunchInventoryTidy [v1.4.1 v3.2 网络层适配 + MaxRects + 被动整理已禁用]] [Tidy] page 2: total=5, placed=5, restored=0, lost=0 (desc=True, mode=FFD)
[Info   :LaunchInventoryTidy [v1.4.1 v3.2 网络层适配 + MaxRects + 被动整理已禁用]] [TidyNet] 服务器: 已为 sender=76561199030780228 整理 page=2 (desc=True, mode=FFD)
[Info   :LaunchInventoryTidy [v1.4.1 v3.2 网络层适配 + MaxRects + 被动整理已禁用]] [TidyNet] -> 服务器: RequestTidyPage(page=2, desc=True, mode=FFD)
[Info   :LaunchMultiplayerNet] [ModTransport] shutdown
Input System module state changed to: ShutdownInProgress.
Input System polling thread exited.
Input System module state changed to: Shutdown.
Memory Statistics:
[ALLOC_TEMP_TLS] TLS Allocator
  StackAllocators : 
    [ALLOC_TEMP_MAIN]
      Peak usage frame count: [0-1.0 KB]: 168 frames, [1.0 KB-2.0 KB]: 249 frames, [2.0 KB-4.0 KB]: 178 frames, [4.0 KB-8.0 KB]: 280 frames, [8.0 KB-16.0 KB]: 49985 frames, [16.0 KB-32.0 KB]: 866 frames, [32.0 KB-64.0 KB]: 15471 frames, [64.0 KB-128.0 KB]: 4005 frames, [128.0 KB-256.0 KB]: 4 frames, [256.0 KB-0.5 MB]: 4 frames, [0.5 MB-1.0 MB]: 15 frames, [1.0 MB-2.0 MB]: 2 frames, [2.0 MB-4.0 MB]: 2 frames, [4.0 MB-8.0 MB]: 8 frames
      Initial Block Size 4.0 MB
      Current Block Size 8.0 MB
      Peak Allocated Bytes 8.0 MB
      Overflow Count 92
    [ALLOC_TEMP_Loading.AsyncRead]
      Initial Block Size 64.0 KB
      Current Block Size 128.0 KB
      Peak Allocated Bytes 127.9 KB
      Overflow Count 0
    [ALLOC_TEMP_Loading.PreloadManager]
      Initial Block Size 256.0 KB
      Current Block Size 324.0 KB
      Peak Allocated Bytes 282.0 KB
      Overflow Count 25
    [ALLOC_TEMP_Background Job.Worker 8]
      Initial Block Size 32.0 KB
      Current Block Size 32.0 KB
      Peak Allocated Bytes 54 B
      Overflow Count 0
    [ALLOC_TEMP_Background Job.Worker 9]
      Initial Block Size 32.0 KB
      Current Block Size 32.0 KB
      Peak Allocated Bytes 54 B
      Overflow Count 0
    [ALLOC_TEMP_Job.Worker 0]
      Initial Block Size 256.0 KB
      Current Block Size 256.0 KB
      Peak Allocated Bytes 24.0 KB
      Overflow Count 0
    [ALLOC_TEMP_Background Job.Worker 10]
      Initial Block Size 32.0 KB
      Current Block Size 32.0 KB
      Peak Allocated Bytes 54 B
      Overflow Count 0
    [ALLOC_TEMP_Job.Worker 6]
      Initial Block Size 256.0 KB
      Current Block Size 256.0 KB
      Peak Allocated Bytes 24.0 KB
      Overflow Count 0
    [ALLOC_TEMP_Job.Worker 5]
      Initial Block Size 256.0 KB
      Current Block Size 256.0 KB
      Peak Allocated Bytes 47.4 KB
      Overflow Count 0
    [ALLOC_TEMP_Background Job.Worker 14]
      Initial Block Size 32.0 KB
      Current Block Size 32.0 KB
      Peak Allocated Bytes 54 B
      Overflow Count 0
    [ALLOC_TEMP_Background Job.Worker 6]
      Initial Block Size 32.0 KB
      Current Block Size 32.0 KB
      Peak Allocated Bytes 169 B
      Overflow Count 0
    [ALLOC_TEMP_Job.Worker 4]
      Initial Block Size 256.0 KB
      Current Block Size 256.0 KB
      Peak Allocated Bytes 35.8 KB
      Overflow Count 0
    [ALLOC_TEMP_ReadCacheIndex]
      Initial Block Size 64.0 KB
      Current Block Size 64.0 KB
      Peak Allocated Bytes 0.6 KB
      Overflow Count 0
    [ALLOC_TEMP_Job.Worker 14]
      Initial Block Size 256.0 KB
      Current Block Size 256.0 KB
      Peak Allocated Bytes 36.9 KB
      Overflow Count 0
    [ALLOC_TEMP_Job.Worker 3]
      Initial Block Size 256.0 KB
      Current Block Size 256.0 KB
      Peak Allocated Bytes 32.7 KB
      Overflow Count 0
    [ALLOC_TEMP_Job.Worker 13]
      Initial Block Size 256.0 KB
      Current Block Size 256.0 KB
      Peak Allocated Bytes 24.0 KB
      Overflow Count 0
    [ALLOC_TEMP_Background Job.Worker 12]
      Initial Block Size 32.0 KB
      Current Block Size 32.0 KB
      Peak Allocated Bytes 54 B
      Overflow Count 0
    [ALLOC_TEMP_EnlightenWorker] x 8
      Initial Block Size 64.0 KB
      Current Block Size 64.0 KB
      Peak Allocated Bytes 54 B
      Overflow Count 0
    [ALLOC_TEMP_]
      Initial Block Size 64.0 KB
      Current Block Size 64.0 KB
      Peak Allocated Bytes 0 B
      Overflow Count 0
    [ALLOC_TEMP_Background Job.Worker 1]
      Initial Block Size 32.0 KB
      Current Block Size 32.0 KB
      Peak Allocated Bytes 3.3 KB
      Overflow Count 1
    [ALLOC_TEMP_Background Job.Worker 15]
      Initial Block Size 32.0 KB
      Current Block Size 32.0 KB
      Peak Allocated Bytes 54 B
      Overflow Count 0
    [ALLOC_TEMP_Background Job.Worker 2]
      Initial Block Size 32.0 KB
      Current Block Size 32.0 KB
      Peak Allocated Bytes 169 B
      Overflow Count 0
    [ALLOC_TEMP_Background Job.Worker 7]
      Initial Block Size 32.0 KB
      Current Block Size 32.0 KB
      Peak Allocated Bytes 54 B
      Overflow Count 0
    [ALLOC_TEMP_UnityGfxDeviceWorker]
      Initial Block Size 256.0 KB
      Current Block Size 256.0 KB
      Peak Allocated Bytes 17.2 KB
      Overflow Count 0
    [ALLOC_TEMP_AssetGarbageCollectorHelper] x 15
      Initial Block Size 64.0 KB
      Current Block Size 64.0 KB
      Peak Allocated Bytes 138 B
      Overflow Count 0
    [ALLOC_TEMP_Background Job.Worker 5]
      Initial Block Size 32.0 KB
      Current Block Size 32.0 KB
      Peak Allocated Bytes 1.6 KB
      Overflow Count 0
    [ALLOC_TEMP_Job.Worker 9]
      Initial Block Size 256.0 KB
      Current Block Size 256.0 KB
      Peak Allocated Bytes 24.0 KB
      Overflow Count 0
    [ALLOC_TEMP_Background Job.Worker 13]
      Initial Block Size 32.0 KB
      Current Block Size 32.0 KB
      Peak Allocated Bytes 54 B
      Overflow Count 0
    [ALLOC_TEMP_Job.Worker 8]
      Initial Block Size 256.0 KB
      Current Block Size 256.0 KB
      Peak Allocated Bytes 36.1 KB
      Overflow Count 0
    [ALLOC_TEMP_Job.Worker 7]
      Initial Block Size 256.0 KB
      Current Block Size 256.0 KB
      Peak Allocated Bytes 24.0 KB
      Overflow Count 0
    [ALLOC_TEMP_Job.Worker 1]
      Initial Block Size 256.0 KB
      Current Block Size 256.0 KB
      Peak Allocated Bytes 69.9 KB
      Overflow Count 0
    [ALLOC_TEMP_Job.Worker 2]
      Initial Block Size 256.0 KB
      Current Block Size 256.0 KB
      Peak Allocated Bytes 38.8 KB
      Overflow Count 0
    [ALLOC_TEMP_Background Job.Worker 3]
      Initial Block Size 32.0 KB
      Current Block Size 32.0 KB
      Peak Allocated Bytes 169 B
      Overflow Count 0
    [ALLOC_TEMP_Background Job.Worker 11]
      Initial Block Size 32.0 KB
      Current Block Size 32.0 KB
      Peak Allocated Bytes 54 B
      Overflow Count 0
    [ALLOC_TEMP_Job.Worker 10]
      Initial Block Size 256.0 KB
      Current Block Size 256.0 KB
      Peak Allocated Bytes 34.2 KB
      Overflow Count 0
    [ALLOC_TEMP_Background Job.Worker 0]
      Initial Block Size 32.0 KB
      Current Block Size 32.0 KB
      Peak Allocated Bytes 54 B
      Overflow Count 0
    [ALLOC_TEMP_Job.Worker 11]
      Initial Block Size 256.0 KB
      Current Block Size 256.0 KB
      Peak Allocated Bytes 36.2 KB
      Overflow Count 0
    [ALLOC_TEMP_Job.Worker 12]
      Initial Block Size 256.0 KB
      Current Block Size 256.0 KB
      Peak Allocated Bytes 24.0 KB
      Overflow Count 0
    [ALLOC_TEMP_Background Job.Worker 4]
      Initial Block Size 32.0 KB
      Current Block Size 32.0 KB
      Peak Allocated Bytes 169 B
      Overflow Count 0
    [ALLOC_TEMP_BatchDeleteObjects]
      Initial Block Size 64.0 KB
      Current Block Size 64.0 KB
      Peak Allocated Bytes 54 B
      Overflow Count 0
[ALLOC_DEFAULT] Dual Thread Allocator
  Peak main deferred allocation count 92318
    [ALLOC_BUCKET]
      Large Block size 4.0 MB
      Used Block count 1
      Peak Allocated bytes 4.0 MB
      Failed Allocations. Bucket layout:
        16B: 5 Subsections = 5120 buckets. Failed count: 4941279
        32B: 19 Subsections = 9728 buckets. Failed count: 2190211
        48B: 27 Subsections = 9216 buckets. Failed count: 2213511
        64B: 40 Subsections = 10240 buckets. Failed count: 766922
        80B: 68 Subsections = 13926 buckets. Failed count: 312296
        96B: 84 Subsections = 14336 buckets. Failed count: 85326
        112B: 7 Subsections = 1024 buckets. Failed count: 1426770
        128B: 6 Subsections = 768 buckets. Failed count: 179114
    [ALLOC_DEFAULT_MAIN]
      Peak usage frame count: [16.0 MB-32.0 MB]: 192 frames, [32.0 MB-64.0 MB]: 842 frames, [64.0 MB-128.0 MB]: 12107 frames, [128.0 MB-256.0 MB]: 58096 frames
      Requested Block Size 16.0 MB
      Peak Block count 13
      Peak Allocated memory 181.9 MB
      Peak Large allocation bytes 20.0 MB
    [ALLOC_DEFAULT_THREAD]
      Peak usage frame count: [8.0 MB-16.0 MB]: 204 frames, [16.0 MB-32.0 MB]: 12933 frames, [32.0 MB-64.0 MB]: 58100 frames
      Requested Block Size 16.0 MB
      Peak Block count 4
      Peak Allocated memory 55.5 MB
      Peak Large allocation bytes 16.0 MB
[ALLOC_TEMP_JOB_1_FRAME]
  Initial Block Size 2.0 MB
  Used Block Count 0
  Overflow Count (too large) 0
  Overflow Count (full) 0
[ALLOC_TEMP_JOB_2_FRAMES]
  Initial Block Size 2.0 MB
  Used Block Count 0
  Overflow Count (too large) 0
  Overflow Count (full) 0
[ALLOC_TEMP_JOB_4_FRAMES (JobTemp)]
  Initial Block Size 2.0 MB
  Used Block Count 1
  Overflow Count (too large) 0
  Overflow Count (full) 0
[ALLOC_TEMP_JOB_ASYNC (Background)]
  Initial Block Size 1.0 MB
  Used Block Count 1
  Overflow Count (too large) 0
  Overflow Count (full) 0
[ALLOC_GFX] Dual Thread Allocator
  Peak main deferred allocation count 20
    [ALLOC_BUCKET]
      Large Block size 4.0 MB
      Used Block count 1
      Peak Allocated bytes 4.0 MB
      Failed Allocations. Bucket layout:
        16B: 5 Subsections = 5120 buckets. Failed count: 4941279
        32B: 19 Subsections = 9728 buckets. Failed count: 2190211
        48B: 27 Subsections = 9216 buckets. Failed count: 2213511
        64B: 40 Subsections = 10240 buckets. Failed count: 766922
        80B: 68 Subsections = 13926 buckets. Failed count: 312296
        96B: 84 Subsections = 14336 buckets. Failed count: 85326
        112B: 7 Subsections = 1024 buckets. Failed count: 1426770
        128B: 6 Subsections = 768 buckets. Failed count: 179114
    [ALLOC_GFX_MAIN]
      Peak usage frame count: [4.0 MB-8.0 MB]: 185 frames, [8.0 MB-16.0 MB]: 24 frames, [16.0 MB-32.0 MB]: 12930 frames, [32.0 MB-64.0 MB]: 57937 frames, [64.0 MB-128.0 MB]: 161 frames
      Requested Block Size 16.0 MB
      Peak Block count 5
      Peak Allocated memory 72.7 MB
      Peak Large allocation bytes 31.6 MB
    [ALLOC_GFX_THREAD]
      Peak usage frame count: [0-1.0 KB]: 170 frames, [1.0 KB-2.0 KB]: 3 frames, [2.0 KB-4.0 KB]: 1 frames, [4.0 KB-8.0 KB]: 1 frames, [128.0 KB-256.0 KB]: 311 frames, [256.0 KB-0.5 MB]: 561 frames, [0.5 MB-1.0 MB]: 6 frames, [1.0 MB-2.0 MB]: 12110 frames, [2.0 MB-4.0 MB]: 30079 frames, [4.0 MB-8.0 MB]: 27994 frames, [64.0 MB-128.0 MB]: 1 frames
      Requested Block Size 16.0 MB
      Peak Block count 8
      Peak Allocated memory 120.4 MB
      Peak Large allocation bytes 0 B
[ALLOC_CACHEOBJECTS] Dual Thread Allocator
  Peak main deferred allocation count 4299
    [ALLOC_BUCKET]
      Large Block size 4.0 MB
      Used Block count 1
      Peak Allocated bytes 4.0 MB
      Failed Allocations. Bucket layout:
        16B: 5 Subsections = 5120 buckets. Failed count: 4941279
        32B: 19 Subsections = 9728 buckets. Failed count: 2190211
        48B: 27 Subsections = 9216 buckets. Failed count: 2213511
        64B: 40 Subsections = 10240 buckets. Failed count: 766922
        80B: 68 Subsections = 13926 buckets. Failed count: 312296
        96B: 84 Subsections = 14336 buckets. Failed count: 85326
        112B: 7 Subsections = 1024 buckets. Failed count: 1426770
        128B: 6 Subsections = 768 buckets. Failed count: 179114
    [ALLOC_CACHEOBJECTS_MAIN]
      Peak usage frame count: [16.0 MB-32.0 MB]: 19 frames, [32.0 MB-64.0 MB]: 42 frames, [64.0 MB-128.0 MB]: 126 frames, [128.0 MB-256.0 MB]: 71050 frames
      Requested Block Size 4.0 MB
      Peak Block count 53
      Peak Allocated memory 226.1 MB
      Peak Large allocation bytes 33.9 MB
    [ALLOC_CACHEOBJECTS_THREAD]
      Peak usage frame count: [16.0 KB-32.0 KB]: 17 frames, [64.0 KB-128.0 KB]: 1 frames, [1.0 MB-2.0 MB]: 1 frames, [2.0 MB-4.0 MB]: 2 frames, [4.0 MB-8.0 MB]: 2 frames, [8.0 MB-16.0 MB]: 6 frames, [16.0 MB-32.0 MB]: 10 frames, [32.0 MB-64.0 MB]: 23 frames, [64.0 MB-128.0 MB]: 42 frames, [128.0 MB-256.0 MB]: 59027 frames, [256.0 MB-0.50 GB]: 12106 frames
      Requested Block Size 4.0 MB
      Peak Block count 68
      Peak Allocated memory 277.9 MB
      Peak Large allocation bytes 21.0 MB
[ALLOC_TYPETREE] Dual Thread Allocator
  Peak main deferred allocation count 0
    [ALLOC_BUCKET]
      Large Block size 4.0 MB
      Used Block count 1
      Peak Allocated bytes 4.0 MB
      Failed Allocations. Bucket layout:
        16B: 5 Subsections = 5120 buckets. Failed count: 4941279
        32B: 19 Subsections = 9728 buckets. Failed count: 2190211
        48B: 27 Subsections = 9216 buckets. Failed count: 2213511
        64B: 40 Subsections = 10240 buckets. Failed count: 766922
        80B: 68 Subsections = 13926 buckets. Failed count: 312296
        96B: 84 Subsections = 14336 buckets. Failed count: 85326
        112B: 7 Subsections = 1024 buckets. Failed count: 1426770
        128B: 6 Subsections = 768 buckets. Failed count: 179114
    [ALLOC_TYPETREE_MAIN]
      Peak usage frame count: [8.0 KB-16.0 KB]: 169 frames, [256.0 KB-0.5 MB]: 15 frames, [0.5 MB-1.0 MB]: 71053 frames
      Requested Block Size 2.0 MB
      Peak Block count 1
      Peak Allocated memory 0.6 MB
      Peak Large allocation bytes 0 B
    [ALLOC_TYPETREE_THREAD]
      Peak usage frame count: [0-1.0 KB]: 166 frames, [256.0 KB-0.5 MB]: 71071 frames
      Requested Block Size 2.0 MB
      Peak Block count 1
      Peak Allocated memory 444.1 KB
      Peak Large allocation bytes 0 B
